// 重构日志: c14cdd8b
// 同步 ID: 6d412d33 @ Wed Jul  8 08:20:53 UTC 2026
// 重构日志: a6c9c0c0
// 重构日志: eee3412b
// 重构日志: e52a0eba
// 重构日志: c13dc756
// 同步 ID: b055367e @ Sat Jul 18 07:58:21 UTC 2026
// 同步 ID: 4aec8e43 @ Sun Jul 19 09:38:30 UTC 2026
// 重构日志: 774c98d0
// 重构日志: 47f75b46
// 重构日志: 3f136941
// 重构日志: 0e184d98
// 重构日志: 2106568b
// 同步 ID: 1d2d1f16 @ Fri Jul 24 13:11:31 UTC 2026
// 同步 ID: 99dae40e @ Sat Jul 25 16:11:29 UTC 2026
// 重构日志: b5b1be9a
// 重构日志: db1cf36b
// 重构日志: 6658b13e
// 同步 ID: be7808fa @ Thu Jul 30 13:52:37 UTC 2026
// 同步 ID: 4b3ccd1f @ Sat Aug  1 09:41:55 UTC 2026
// 重构日志: a3c85325
// 重构日志: 6790344e
// 重构日志: 1725f2ed
// 重构日志: d5f589d3
// 重构日志: f578ebb3
// 同步 ID: 2f50acef @ Mon Aug  3 16:05:45 UTC 2026
// 重构日志: f78ae74a
